Running tests ...
[1A[KRunning 26 tests in 1 runtime ...
[1A[K[1m[32m26 tests, 128 assertions, 1 runtime ... OK[0m
